This is pdfTeX, Version 3.141592653-2.6-1.40.28 (MiKTeX 25.12) (preloaded format=pdflatex 2026.3.19)  14 MAY 2026 14:59
entering extended mode
 restricted \write18 enabled.
 %&-line parsing enabled.
**"./rapport SFE_stageFLOW.latex"
(rapport SFE_stageFLOW.latex
LaTeX2e <2025-11-01>
L3 programming layer <2025-12-24>
(C:\Users\dev\AppData\Local\Programs\MiKTeX\tex/latex/base\report.cls
Document Class: report 2025/01/22 v1.4n Standard LaTeX document class
(C:\Users\dev\AppData\Local\Programs\MiKTeX\tex/latex/base\size11.clo
File: size11.clo 2025/01/22 v1.4n Standard LaTeX file (size option)
)
\c@part=\count275
\c@chapter=\count276
\c@section=\count277
\c@subsection=\count278
\c@subsubsection=\count279
\c@paragraph=\count280
\c@subparagraph=\count281
\c@figure=\count282
\c@table=\count283
\abovecaptionskip=\skip49
\belowcaptionskip=\skip50
\bibindent=\dimen148
)
(C:\Users\dev\AppData\Local\Programs\MiKTeX\tex/latex/base\inputenc.sty
Package: inputenc 2024/02/08 v1.3d Input encoding file
\inpenc@prehook=\toks17
\inpenc@posthook=\toks18
)
(C:\Users\dev\AppData\Local\Programs\MiKTeX\tex/latex/base\fontenc.sty
Package: fontenc 2025/07/18 v2.1d Standard LaTeX package
)
(C:\Users\dev\AppData\Local\Programs\MiKTeX\tex/generic/babel\babel.sty
Package: babel 2025/12/11 v25.17 The multilingual framework for LuaLaTeX, pdfLa
TeX and XeLaTeX
\babel@savecnt=\count284
LaTeX Encoding Info:    Redeclaring text command \ij (encoding OT1) on input li
ne 2068.
LaTeX Encoding Info:    Redeclaring text command \IJ (encoding OT1) on input li
ne 2070.
LaTeX Encoding Info:    Redeclaring text command \ij (encoding T1) on input lin
e 2072.
LaTeX Encoding Info:    Redeclaring text command \IJ (encoding T1) on input lin
e 2073.
LaTeX Encoding Info:    Ignoring declaration for text command \ij (encoding ?) 
on input line 2074.
LaTeX Encoding Info:    Ignoring declaration for text command \IJ (encoding ?) 
on input line 2076.
LaTeX Encoding Info:    Ignoring declaration for text command \SS (encoding ?) 
on input line 2101.
\U@D=\dimen149
\l@unhyphenated=\language79

(C:\Users\dev\AppData\Local\Programs\MiKTeX\tex/generic/babel\txtbabel.def)
\bbl@readstream=\read2
\bbl@dirlevel=\count285
Package babel Info: Configuration files are deprecated, as
(babel)             they can break document portability.
(babel)             Reported on input line 4196.

*************************************
* Local config file bblopts.cfg used
*
(C:\Users\dev\AppData\Local\Programs\MiKTeX\tex/latex/arabi\bblopts.cfg
File: bblopts.cfg 2005/09/08 v0.1 add Arabic and Farsi to "declared" options of
 babel
)
(C:\Users\dev\AppData\Local\Programs\MiKTeX\tex/generic/babel/locale/fr\babel-f
rench.tex)
Package babel Info: Importing font and identification data for french
(babel)             from babel-fr.ini. Reported on input line 4320.

(C:\Users\dev\AppData\Local\Programs\MiKTeX\tex/generic/babel-french\french.ldf
Language: french 2025-08-15 v4.0e French support from the babel system

(C:\Users\dev\AppData\Local\Programs\MiKTeX\tex/generic/babel-french\french3.ld
f
Language: french 2025-08-15 v3.7e French support from the babel system
\FB@stdchar=\count286
Package babel Info: Making : an active character on input line 273.
Package babel Info: Making ; an active character on input line 274.
Package babel Info: Making ! an active character on input line 275.
Package babel Info: Making ? an active character on input line 276.
\FBguill@level=\count287
\FBold@everypar=\toks19
\FB@Mht=\dimen150
\mc@charclass=\count288
\mc@charfam=\count289
\mc@charslot=\count290
\std@mcc=\count291
\dec@mcc=\count292
\FB@pardim=\dimen151
\listindentFB=\dimen152
\descindentFB=\dimen153
\labelindentFB=\dimen154
\labelwidthFB=\dimen155
\leftmarginFB=\dimen156
\parindentFFN=\dimen157
\FBfnindent=\dimen158
))) (scalefnt.sty
Package: scalefnt 2024/12/01 Standalone Scalable Fonts
)
(C:\Users\dev\AppData\Local\Programs\MiKTeX\tex/latex/graphics\graphicx.sty
Package: graphicx 2024/12/31 v1.2e Enhanced LaTeX Graphics (DPC,SPQR)

(C:\Users\dev\AppData\Local\Programs\MiKTeX\tex/latex/graphics\keyval.sty
Package: keyval 2022/05/29 v1.15 key=value parser (DPC)
\KV@toks@=\toks20
)
(C:\Users\dev\AppData\Local\Programs\MiKTeX\tex/latex/graphics\graphics.sty
Package: graphics 2024/08/06 v1.4g Standard LaTeX Graphics (DPC,SPQR)

(C:\Users\dev\AppData\Local\Programs\MiKTeX\tex/latex/graphics\trig.sty
Package: trig 2023/12/02 v1.11 sin cos tan (DPC)
)
(C:\Users\dev\AppData\Local\Programs\MiKTeX\tex/latex/graphics-cfg\graphics.cfg
File: graphics.cfg 2016/06/04 v1.11 sample graphics configuration
)
Package graphics Info: Driver file: pdftex.def on input line 106.
 (C:\Users\dev\AppData\Local\Programs\MiKTeX\tex/latex/graphics-def\pdftex.def
File: pdftex.def 2025/09/29 v1.2d Graphics/color driver for pdftex
))
\Gin@req@height=\dimen159
\Gin@req@width=\dimen160
) (C:\Users\dev\AppData\Local\Programs\MiKTeX\tex/latex/geometry\geometry.sty
Package: geometry 2026/03/07 v6.0 Page Geometry
(C:\Users\dev\AppData\Local\Programs\MiKTeX\tex/generic/iftex\ifvtex.sty
Package: ifvtex 2019/10/25 v1.7 ifvtex legacy package. Use iftex instead.

(C:\Users\dev\AppData\Local\Programs\MiKTeX\tex/generic/iftex\iftex.sty
Package: iftex 2024/12/12 v1.0g TeX engine tests
))
\Gm@cnth=\count293
\Gm@cntv=\count294
\c@Gm@tempcnt=\count295
\Gm@bindingoffset=\dimen161
\Gm@wd@mp=\dimen162
\Gm@odd@mp=\dimen163
\Gm@even@mp=\dimen164
\Gm@layoutwidth=\dimen165
\Gm@layoutheight=\dimen166
\Gm@layouthoffset=\dimen167
\Gm@layoutvoffset=\dimen168
\Gm@dimlist=\toks21

(C:\Users\dev\AppData\Local\Programs\MiKTeX\tex/latex/geometry\geometry.cfg))
(C:\Users\dev\AppData\Local\Programs\MiKTeX\tex/latex/l3backend\l3backend-pdfte
x.def
File: l3backend-pdftex.def 2025-10-09 L3 backend support: PDF output (pdfTeX)
\l__color_backend_stack_int=\count296
) (rapport SFE_stageFLOW.aux
Package babel Info: 'french' activates 'french' shorthands.
(babel)             Reported on input line 8.
)
\openout1 = `"rapport SFE_stageFLOW.aux"'.

LaTeX Font Info:    Checking defaults for OML/cmm/m/it on input line 15.
LaTeX Font Info:    ... okay on input line 15.
LaTeX Font Info:    Checking defaults for OMS/cmsy/m/n on input line 15.
LaTeX Font Info:    ... okay on input line 15.
LaTeX Font Info:    Checking defaults for OT1/cmr/m/n on input line 15.
LaTeX Font Info:    ... okay on input line 15.
LaTeX Font Info:    Checking defaults for T1/cmr/m/n on input line 15.
LaTeX Font Info:    ... okay on input line 15.
LaTeX Font Info:    Checking defaults for TS1/cmr/m/n on input line 15.
LaTeX Font Info:    ... okay on input line 15.
LaTeX Font Info:    Checking defaults for OMX/cmex/m/n on input line 15.
LaTeX Font Info:    ... okay on input line 15.
LaTeX Font Info:    Checking defaults for U/cmr/m/n on input line 15.
LaTeX Font Info:    ... okay on input line 15.
LaTeX Info: Redefining \degres on input line 15.

(C:\Users\dev\AppData\Local\Programs\MiKTeX\tex/context/base/mkii\supp-pdf.mkii
[Loading MPS to PDF converter (version 2006.09.02).]
\scratchcounter=\count297
\scratchdimen=\dimen169
\scratchbox=\box53
\nofMPsegments=\count298
\nofMParguments=\count299
\everyMPshowfont=\toks22
\MPscratchCnt=\count300
\MPscratchDim=\dimen170
\MPnumerator=\count301
\makeMPintoPDFobject=\count302
\everyMPtoPDFconversion=\toks23
)
(C:\Users\dev\AppData\Local\Programs\MiKTeX\tex/latex/epstopdf-pkg\epstopdf-bas
e.sty
Package: epstopdf-base 2020-01-24 v2.11 Base part for package epstopdf
Package epstopdf-base Info: Redefining graphics rule for `.eps' on input line 4
85.

(C:\Users\dev\AppData\Local\Programs\MiKTeX\tex/latex/00miktex\epstopdf-sys.cfg
File: epstopdf-sys.cfg 2021/03/18 v2.0 Configuration of epstopdf for MiKTeX
))
*geometry* driver: auto-detecting
*geometry* detected driver: pdftex
*geometry* verbose mode - [ preamble ] result:
* driver: pdftex
* paper: a4paper
* layout: <same size as paper>
* layoutoffset:(h,v)=(0.0pt,0.0pt)
* modes: 
* h-part:(L,W,R)=(71.13188pt, 455.24411pt, 71.13188pt)
* v-part:(T,H,B)=(71.13188pt, 702.78308pt, 71.13188pt)
* \paperwidth=597.50787pt
* \paperheight=845.04684pt
* \textwidth=455.24411pt
* \textheight=702.78308pt
* \oddsidemargin=-1.1381pt
* \evensidemargin=-1.1381pt
* \topmargin=-38.1381pt
* \headheight=12.0pt
* \headsep=25.0pt
* \topskip=11.0pt
* \footskip=30.0pt
* \marginparwidth=50.0pt
* \marginparsep=10.0pt
* \columnsep=10.0pt
* \skip\footins=10.0pt plus 4.0pt minus 2.0pt
* \hoffset=0.0pt
* \voffset=0.0pt
* \mag=1000
* \@twocolumnfalse
* \@twosidefalse
* \@mparswitchfalse
* \@reversemarginfalse
* (1in=72.27pt=25.4mm, 1cm=28.453pt)

[1

{C:/Users/dev/AppData/Local/MiKTeX/fonts/map/pdftex/pdftex.map}]
(rapport SFE_stageFLOW.toc
LaTeX Font Info:    External font `cmex10' loaded for size
(Font)              <10.95> on input line 6.
LaTeX Font Info:    External font `cmex10' loaded for size
(Font)              <8> on input line 6.
LaTeX Font Info:    External font `cmex10' loaded for size
(Font)              <6> on input line 6.
 [1

])
\tf@toc=\write3
\openout3 = `"rapport SFE_stageFLOW.toc"'.

 [2] (rapport SFE_stageFLOW.lof)
\tf@lof=\write4
\openout4 = `"rapport SFE_stageFLOW.lof"'.

 [3

] [4


]
[5


] [6

]
Chapitre 1.
<screen/valaLogo.png, id=29, 225.84375pt x 225.84375pt>
File: screen/valaLogo.png Graphic file (type png)
<use screen/valaLogo.png>
Package pdftex.def Info: screen/valaLogo.png  used on input line 129.
(pdftex.def)             Requested size: 113.81102pt x 113.81412pt.
[7

 <./screen/valaLogo.png>]
<screen/organigrameOrganisation.PNG, id=37, 828.84656pt x 478.03593pt>
File: screen/organigrameOrganisation.PNG Graphic file (type png)
<use screen/organigrameOrganisation.PNG>
Package pdftex.def Info: screen/organigrameOrganisation.PNG  used on input line
 207.
(pdftex.def)             Requested size: 409.71692pt x 236.29663pt.
 [8] [9 <./screen/organigrameOrganisation.PNG>]
Chapitre 2.
[10

] [11]
Chapitre 3.
[12

]
<screen/UseCaseDiagram.jpg, id=58, 1244.65pt x 1089.06876pt>
File: screen/UseCaseDiagram.jpg Graphic file (type jpg)
<use screen/UseCaseDiagram.jpg>
Package pdftex.def Info: screen/UseCaseDiagram.jpg  used on input line 387.
(pdftex.def)             Requested size: 409.71692pt x 358.49643pt.
 [13] [14 <./screen/UseCaseDiagram.jpg>]
Chapitre 4.
<screen/ajoutStagiaresequencediagram.PNG, id=65, 447.17062pt x 438.8897pt>
File: screen/ajoutStagiaresequencediagram.PNG Graphic file (type png)
<use screen/ajoutStagiaresequencediagram.PNG>
Package pdftex.def Info: screen/ajoutStagiaresequencediagram.PNG  used on input
 line 433.
(pdftex.def)             Requested size: 409.71692pt x 402.13599pt.
<screen/diagramactivitesuravancementetsuivi.jpg, id=66, 824.07875pt x 1150.2975
pt>
File: screen/diagramactivitesuravancementetsuivi.jpg Graphic file (type jpg)
<use screen/diagramactivitesuravancementetsuivi.jpg>
Package pdftex.def Info: screen/diagramactivitesuravancementetsuivi.jpg  used o
n input line 440.
(pdftex.def)             Requested size: 409.71692pt x 571.9002pt.
[15

] [16 <./screen/ajoutStagiaresequencediagram.PNG>] [17 <./screen/diagramactivit
esuravancementetsuivi.jpg>]
Chapitre 5.
<screen/UMLClass1.png, id=77, 482.55281pt x 466.74374pt>
File: screen/UMLClass1.png Graphic file (type png)
<use screen/UMLClass1.png>
Package pdftex.def Info: screen/UMLClass1.png  used on input line 459.
(pdftex.def)             Requested size: 409.71692pt x 396.30673pt.
[18

]
Overfull \hbox (18.4458pt too wide) in paragraph at lines 485--486
[]\T1/cmr/bx/n/10.95 Entités UML \TS1/cmr/bx/n/10.95 ^^Y \T1/cmr/bx/n/10.95 Tab
les Post-greSQL \T1/cmr/m/n/10.95 : Les classes \T1/cmtt/m/n/10.95 Utilisateur\
T1/cmr/m/n/10.95 , \T1/cmtt/m/n/10.95 Stagiaire\T1/cmr/m/n/10.95 , \T1/cmtt/m/n
/10.95 Superviseur\T1/cmr/m/n/10.95 ,
 []

[19 <./screen/UMLClass1.png>] [20]
Chapitre 6.
[21

]
<screen/JWTsequenceDiagram.PNG, id=94, 421.575pt x 472.01344pt>
File: screen/JWTsequenceDiagram.PNG Graphic file (type png)
<use screen/JWTsequenceDiagram.PNG>
Package pdftex.def Info: screen/JWTsequenceDiagram.PNG  used on input line 551.

(pdftex.def)             Requested size: 432.48051pt x 484.23463pt.
 [22 <./screen/JWTsequenceDiagram.PNG>] [23]
Chapitre 7.
[24

]
Overfull \hbox (0.4714pt too wide) in paragraph at lines 647--649
 \T1/cmr/bx/n/10.95 Des-crip-tion fonc-tion-nelle[] \T1/cmr/m/n/10.95 In-ter-fa
ce lis-tant les sta-giaires, per-met-tant la créa-tion/modification
 []

[25] [26]
Overfull \hbox (11.7815pt too wide) in paragraph at lines 707--709
 \T1/cmr/bx/n/10.95 Des-crip-tion fonc-tion-nelle[] \T1/cmr/m/n/10.95 Ta-bleau 
de bord per-son-nel de l'étu-diant : tâches as-si-gnées, échéances,
 []

[27] [28]
Chapitre 8.
<screen/git.png, id=118, 349.305pt x 145.54375pt>
File: screen/git.png Graphic file (type png)
<use screen/git.png>
Package pdftex.def Info: screen/git.png  used on input line 752.
(pdftex.def)             Requested size: 145.68144pt x 60.70155pt.
<screen/nodeJs.png, id=119, 288.07625pt x 175.65625pt>
File: screen/nodeJs.png Graphic file (type png)
<use screen/nodeJs.png>
Package pdftex.def Info: screen/nodeJs.png  used on input line 768.
(pdftex.def)             Requested size: 145.68144pt x 88.83301pt.
<screen/expressJS.png, id=120, 348.30125pt x 145.54375pt>
File: screen/expressJS.png Graphic file (type png)
<use screen/expressJS.png>
Package pdftex.def Info: screen/expressJS.png  used on input line 783.
(pdftex.def)             Requested size: 145.68144pt x 60.87477pt.
[29

 <./screen/git.png> <./screen/nodeJs.png>]
<screen/postgresql.png, id=126, 285.065pt x 177.66376pt>
File: screen/postgresql.png Graphic file (type png)
<use screen/postgresql.png>
Package pdftex.def Info: screen/postgresql.png  used on input line 798.
(pdftex.def)             Requested size: 145.68144pt x 90.79436pt.
<screen/docker.png, id=127, 247.92625pt x 204.765pt>
File: screen/docker.png Graphic file (type png)
<use screen/docker.png>
Package pdftex.def Info: screen/docker.png  used on input line 813.
(pdftex.def)             Requested size: 145.68144pt x 120.31975pt.
 [30 <./screen/expressJS.png> <./screen/postgresql.png> <./screen/docker.png>]
<screen/JWT.png, id=135, 301.125pt x 168.63pt>
File: screen/JWT.png Graphic file (type png)
<use screen/JWT.png>
Package pdftex.def Info: screen/JWT.png  used on input line 828.
(pdftex.def)             Requested size: 145.68144pt x 81.58475pt.
 [31 <./screen/JWT.png>] [32


]
[33]
Underfull \hbox (badness 1342) in paragraph at lines 932--934
\T1/cmr/m/it/10.95 van-ced Open Source Re-la-tio-nal Da-ta-base\T1/cmr/m/n/10.9
5 . Do-cu-men-ta-tion of-fi-cielle. Dis-po-nible sur :
 []

[34


] (rapport SFE_stageFLOW.aux)
 ***********
LaTeX2e <2025-11-01>
L3 programming layer <2025-12-24>
 ***********
 ) 
Here is how much of TeX's memory you used:
 4204 strings out of 467870
 73584 string characters out of 5419323
 498238 words of memory out of 5000000
 33059 multiletter control sequences out of 15000+600000
 641324 words of font info for 65 fonts, out of 8000000 for 9000
 1141 hyphenation exceptions out of 8191
 57i,10n,65p,513b,385s stack positions out of 10000i,1000n,20000p,200000b,200000s
 <C:\Users\dev\AppData\Local\MiKTeX\fonts/pk/ljfour/jknappen/ec/dpi600\ecti10
95.pk> <C:\Users\dev\AppData\Local\MiKTeX\fonts/pk/ljfour/jknappen/ec/dpi600\tc
bx1095.pk> <C:\Users\dev\AppData\Local\MiKTeX\fonts/pk/ljfour/jknappen/ec/dpi60
0\ectt1095.pk> <C:\Users\dev\AppData\Local\MiKTeX\fonts/pk/ljfour/jknappen/ec/d
pi600\tcrm1095.pk> <C:\Users\dev\AppData\Local\MiKTeX\fonts/pk/ljfour/jknappen/
ec/dpi600\ecbx1200.pk> <C:\Users\dev\AppData\Local\MiKTeX\fonts/pk/ljfour/jknap
pen/ec/dpi600\eccc1095.pk> <C:\Users\dev\AppData\Local\MiKTeX\fonts/pk/ljfour/j
knappen/ec/dpi600\ecbx1440.pk> <C:\Users\dev\AppData\Local\MiKTeX\fonts/pk/ljfo
ur/jknappen/ec/dpi600\ecbx2074.pk> <C:\Users\dev\AppData\Local\MiKTeX\fonts/pk/
ljfour/jknappen/ec/dpi600\ecbx2488.pk> <C:\Users\dev\AppData\Local\MiKTeX\fonts
/pk/ljfour/jknappen/ec/dpi600\ecbx1095.pk> <C:\Users\dev\AppData\Local\MiKTeX\f
onts/pk/ljfour/jknappen/ec/dpi600\ecrm1095.pk> <C:\Users\dev\AppData\Local\MiKT
eX\fonts/pk/ljfour/jknappen/ec/dpi600\ecrm1728.pk> <C:\Users\dev\AppData\Local\
MiKTeX\fonts/pk/ljfour/jknappen/ec/dpi600\ecrm1200.pk>
Output written on "rapport SFE_stageFLOW.pdf" (35 pages, 749257 bytes).
PDF statistics:
 656 PDF objects out of 1000 (max. 8388607)
 0 named destinations out of 1000 (max. 500000)
 66 words of extra memory for PDF output out of 10000 (max. 10000000)

